#include <stdio.h>

int main(void) {
    int T1; /* I */
    int T2; /* S */
    int T3;
    int T4;
    int T5;
    int T6;
    int T7;
    int T8;
    int T9;
    int T10;

    T3 = 0;
    T2 = T3;
    T4 = 0;
    T1 = T4;
    L1: ;
    T5 = 3;
    T6 = T1 < T5;
    if (!T6) goto L3;
    T9 = 1;
    T10 = T2 + T9;
    T2 = T10;
    L2: ;
    T7 = 1;
    T8 = T1 + T7;
    T1 = T8;
    goto L1;
    L3: ;
    return 0;
}
