#include <stdio.h>

int main(void) {
    int T1; /* X */
    int T2; /* Y */
    int T3;
    int T4;
    int T5;
    int T6;

    T3 = 5;
    T1 = T3;
    T4 = 0;
    T2 = T4;
    if (!T1) goto L1;
    T5 = 1;
    T2 = T5;
    L1: ;
    if (!T2) goto L2;
    T6 = 99;
    T1 = T6;
    L2: ;
    return 0;
}
