#include <stdio.h>

int main(void) {
    char T1; /* C */
    char T2;
    char T3;
    int T4;
    int T5;

    T2 = 'a';
    T1 = T2;
    T4 = 0;
    L1: ;
    T3 = "abc"[T4];
    T5 = T3 != '\0';
    if (!T5) goto L3;
    printf("%c\n", T3);
    L2: ;
    T4 = T4 + 1;
    goto L1;
    L3: ;
    return 0;
}
