#include <stdio.h>

int main(void) {
    char T1; /* C */
    char T2;
    char T3; /* C */
    int T4;
    int T5;

    T2 = 'z';
    T1 = T2;
    T4 = 0;
    L3: ;
    T3 = "abc"[T4];
    T5 = T3 != '\0';
    if (!T5) goto L2;
    printf("%c\n", T3);
    T4 = T4 + 1;
    goto L3;
    L2: ;
    printf("%c\n", T1);
    return 0;
}
