#include <stdio.h>
#include <stdlib.h>

static int milla_idx(int i, int n) { if (i < 0 || i >= n) { fprintf(stderr, "erro: indice %d fora dos limites [0, %d)\n", i, n); exit(1); } return i; }

int main(void) {
    int* T1 = NULL; /* fib : vetor[int] dinamico */
    int T2 = 0;
    int T3 = 0;
    int T4;
    int T5;
    int T6;
    int T7; /* i : inferida int */
    int T8;
    int T9;
    int T10;
    int T11;
    int T12;
    int T13;
    int T14;
    int T15;
    int T16;
    int T17;
    int T18;
    int T19; /* prox */
    int T20;
    int T21;
    int T22;

    T4 = 0;
    if (T2 >= T3) {
        T3 = T3 == 0 ? 4 : T3 * 2;
        T1 = (int*) realloc(T1, T3 * sizeof(int));
    }
    T1[T2] = T4;
    T2 = T2 + 1;
    T5 = 1;
    if (T2 >= T3) {
        T3 = T3 == 0 ? 4 : T3 * 2;
        T1 = (int*) realloc(T1, T3 * sizeof(int));
    }
    T1[T2] = T5;
    T2 = T2 + 1;
    T6 = 2;
    T7 = T6;
    L1: ;
    T8 = 10;
    T9 = T7 < T8;
    if (!T9) goto L3;
    T12 = 1;
    T13 = T7 - T12;
    T14 = T1[milla_idx(T13, T2)];
    T15 = 2;
    T16 = T7 - T15;
    T17 = T1[milla_idx(T16, T2)];
    T18 = T14 + T17;
    T19 = T18;
    if (T2 >= T3) {
        T3 = T3 == 0 ? 4 : T3 * 2;
        T1 = (int*) realloc(T1, T3 * sizeof(int));
    }
    T1[T2] = T19;
    T2 = T2 + 1;
    T10 = 1;
    T11 = T7 + T10;
    T7 = T11;
    goto L1;
    L3: ;
    T21 = 0;
    L4: ;
    T22 = T21 < T2;
    if (!T22) goto L6;
    T20 = T1[T21];
    printf("%d\n", T20);
    T21 = T21 + 1;
    goto L4;
    L6: ;

    free(T1);
    return 0;
}
